// Jest Snapshot v1, https://goo.gl/fbAQLP

exports[`Idea if editing is falsy should update state 1`] = `
<div>
  <div>
    <h2>
      title
    </h2>
    <h4>
      time
    </h4>
    <p>
      description
    </p>
    <button
      className="edit"
      onClick={[Function]}
    >
      Edit
    </button>
    <button
      className="delete"
      onClick={[Function]}
    >
      Delete
    </button>
  </div>
</div>
`;

exports[`Idea if editing is truthy should match snapshot 1`] = `
<div>
  <AddIdea
    description="description"
    handleUpdateIdea={[Function]}
    title="title"
  />
</div>
`;
